Archive member included to satisfy reference by file (symbol)

.pio\build\micro\libFrameworkArduino.a(CDC.cpp.o)
                              .pio\build\micro\src\calibration.cpp.o (symbol from plugin) (_ZN7Serial_9availableEv)
.pio\build\micro\libFrameworkArduino.a(PluggableUSB.cpp.o)
                              .pio\build\micro\src\SpaceMouseHID.cpp.o (symbol from plugin) (_ZN13PluggableUSB_4plugEP18PluggableUSBModule)
.pio\build\micro\libFrameworkArduino.a(Print.cpp.o)
                              .pio\build\micro\src\calibration.cpp.o (symbol from plugin) (_ZN5Print5printEPK19__FlashStringHelper)
.pio\build\micro\libFrameworkArduino.a(Stream.cpp.o)
                              .pio\build\micro\src\spacemouse-keys.ino.cpp.o (symbol from plugin) (_ZN6Stream10setTimeoutEm)
.pio\build\micro\libFrameworkArduino.a(USBCore.cpp.o)
                              PluggableUSB.cpp.o (symbol from plugin) (_initEndpoints)
.pio\build\micro\libFrameworkArduino.a(WMath.cpp.o)
                              .pio\build\micro\src\hardware\SpaceMouseHW.cpp.o (symbol from plugin) (_Z3maplllll)
.pio\build\micro\libFrameworkArduino.a(WString.cpp.o)
                              Stream.cpp.o (symbol from plugin) (_ZN6StringC1EPKc)
.pio\build\micro\libFrameworkArduino.a(abi.cpp.o)
                              .pio\build\micro\src\hardware\SpaceMouseHW.cpp.o (symbol from plugin) (__cxa_pure_virtual)
.pio\build\micro\libFrameworkArduino.a(main.cpp.o)
                              c:/users/jarno.ratatosk.000/.platformio/packages/toolchain-atmelavr/bin/../lib/gcc/avr/7.3.0/../../../../avr/lib/avr5/crtatmega32u4.o (main)
.pio\build\micro\libFrameworkArduino.a(wiring.c.o)
                              .pio\build\micro\src\SpaceMouseHID.cpp.o (symbol from plugin) (millis)
.pio\build\micro\libFrameworkArduino.a(wiring_analog.c.o)
                              .pio\build\micro\src\hardware\SpaceMouseHW_Hall.cpp.o (symbol from plugin) (analogReference)
.pio\build\micro\libFrameworkArduino.a(wiring_digital.c.o)
                              .pio\build\micro\src\spaceKeys.cpp.o (symbol from plugin) (pinMode)
.pio\build\micro\libFrameworkArduino.a(hooks.c.o)
                              wiring.c.o (symbol from plugin) (yield)
c:/users/jarno.ratatosk.000/.platformio/packages/toolchain-atmelavr/bin/../lib/gcc/avr/7.3.0/avr5\libgcc.a(_exit.o)
                              c:/users/jarno.ratatosk.000/.platformio/packages/toolchain-atmelavr/bin/../lib/gcc/avr/7.3.0/../../../../avr/lib/avr5/crtatmega32u4.o (exit)
c:/users/jarno.ratatosk.000/.platformio/packages/toolchain-atmelavr/bin/../lib/gcc/avr/7.3.0/../../../../avr/lib/avr5\libc.a(dtostrf.o)
                              WString.cpp.o (symbol from plugin) (dtostrf)
c:/users/jarno.ratatosk.000/.platformio/packages/toolchain-atmelavr/bin/../lib/gcc/avr/7.3.0/../../../../avr/lib/avr5\libc.a(random.o)
                              WMath.cpp.o (symbol from plugin) (random)
c:/users/jarno.ratatosk.000/.platformio/packages/toolchain-atmelavr/bin/../lib/gcc/avr/7.3.0/../../../../avr/lib/avr5\libc.a(strtol.o)
                              .pio\build\micro\src\text.cpp.o (symbol from plugin) (strtol)
c:/users/jarno.ratatosk.000/.platformio/packages/toolchain-atmelavr/bin/../lib/gcc/avr/7.3.0/../../../../avr/lib/avr5\libc.a(atof.o)
                              .pio\build\micro\src\text.cpp.o (symbol from plugin) (atof)
c:/users/jarno.ratatosk.000/.platformio/packages/toolchain-atmelavr/bin/../lib/gcc/avr/7.3.0/../../../../avr/lib/avr5\libc.a(atol.o)
                              WString.cpp.o (symbol from plugin) (atol)
c:/users/jarno.ratatosk.000/.platformio/packages/toolchain-atmelavr/bin/../lib/gcc/avr/7.3.0/../../../../avr/lib/avr5\libc.a(isspace.o)
                              c:/users/jarno.ratatosk.000/.platformio/packages/toolchain-atmelavr/bin/../lib/gcc/avr/7.3.0/../../../../avr/lib/avr5\libc.a(strtol.o) (isspace)
c:/users/jarno.ratatosk.000/.platformio/packages/toolchain-atmelavr/bin/../lib/gcc/avr/7.3.0/../../../../avr/lib/avr5\libc.a(strcmp_P.o)
                              .pio\build\micro\src\calibration.cpp.o (symbol from plugin) (strcmp_P)
c:/users/jarno.ratatosk.000/.platformio/packages/toolchain-atmelavr/bin/../lib/gcc/avr/7.3.0/../../../../avr/lib/avr5\libc.a(strcpy_P.o)
                              WString.cpp.o (symbol from plugin) (strcpy_P)
c:/users/jarno.ratatosk.000/.platformio/packages/toolchain-atmelavr/bin/../lib/gcc/avr/7.3.0/../../../../avr/lib/avr5\libc.a(strlen_P.o)
                              WString.cpp.o (symbol from plugin) (__strlen_P)
c:/users/jarno.ratatosk.000/.platformio/packages/toolchain-atmelavr/bin/../lib/gcc/avr/7.3.0/../../../../avr/lib/avr5\libc.a(strtok.o)
                              .pio\build\micro\src\calibration.cpp.o (symbol from plugin) (strtok)
c:/users/jarno.ratatosk.000/.platformio/packages/toolchain-atmelavr/bin/../lib/gcc/avr/7.3.0/../../../../avr/lib/avr5\libc.a(strtok_r.o)
[...]
Memory Configuration

Name             Origin             Length             Attributes
text             0x00000000         0x00020000         xr
data             0x00800060         0x0000ffa0         rw !x
eeprom           0x00810000         0x00010000         rw !x
fuse             0x00820000         0x00000003         rw !x
lock             0x00830000         0x00000400         rw !x
signature        0x00840000         0x00000400         rw !x
user_signatures  0x00850000         0x00000400         rw !x
*default*        0x00000000         0xffffffff

Linker script and memory map

Address of section .data set to 0x800100
LOAD c:/users/jarno.ratatosk.000/.platformio/packages/toolchain-atmelavr/bin/../lib/gcc/avr/7.3.0/../../../../avr/lib/avr5/crtatmega32u4.o
LOAD .pio\build\micro\src\SpaceMouseHID.cpp.o
LOAD C:\Users\JARNOR~1.000\AppData\Local\Temp\ccyWlAYa.ltrans0.ltrans.o
LOAD .pio\build\micro\src\calibration.cpp.o
LOAD .pio\build\micro\src\eepromStorage.cpp.o
LOAD .pio\build\micro\src\encoderWheel.cpp.o
LOAD .pio\build\micro\src\hardware\SpaceMouseHW.cpp.o
LOAD .pio\build\micro\src\hardware\SpaceMouseHW_Hall.cpp.o
LOAD .pio\build\micro\src\hardware\SpaceMouseHW_Joystick.cpp.o
LOAD .pio\build\micro\src\kinematics.cpp.o
LOAD .pio\build\micro\src\ledring.cpp.o
LOAD .pio\build\micro\src\spaceKeys.cpp.o
LOAD .pio\build\micro\src\spacemouse-keys.ino.cpp.o
LOAD .pio\build\micro\src\text.cpp.o
START GROUP
LOAD .pio\build\micro\libc5a\libHID.a
LOAD .pio\build\micro\libFrameworkArduinoVariant.a
LOAD .pio\build\micro\libFrameworkArduino.a
END GROUP
LOAD c:/users/jarno.ratatosk.000/.platformio/packages/toolchain-atmelavr/bin/../lib/gcc/avr/7.3.0/avr5\libgcc.a
LOAD c:/users/jarno.ratatosk.000/.platformio/packages/toolchain-atmelavr/bin/../lib/gcc/avr/7.3.0/../../../../avr/lib/avr5\libm.a
START GROUP
LOAD c:/users/jarno.ratatosk.000/.platformio/packages/toolchain-atmelavr/bin/../lib/gcc/avr/7.3.0/avr5\libgcc.a
LOAD c:/users/jarno.ratatosk.000/.platformio/packages/toolchain-atmelavr/bin/../lib/gcc/avr/7.3.0/../../../../avr/lib/avr5\libm.a
LOAD c:/users/jarno.ratatosk.000/.platformio/packages/toolchain-atmelavr/bin/../lib/gcc/avr/7.3.0/../../../../avr/lib/avr5\libc.a
LOAD c:/users/jarno.ratatosk.000/.platformio/packages/toolchain-atmelavr/bin/../lib/gcc/avr/7.3.0/../../../../avr/lib/avr5\libatmega32u4.a
END GROUP
                0x00020000                __TEXT_REGION_LENGTH__ = DEFINED (__TEXT_REGION_LENGTH__)?__TEXT_REGION_LENGTH__:0x20000
                0x0000ffa0                __DATA_REGION_LENGTH__ = DEFINED (__DATA_REGION_LENGTH__)?__DATA_REGION_LENGTH__:0xffa0
                0x00010000                __EEPROM_REGION_LENGTH__ = DEFINED (__EEPROM_REGION_LENGTH__)?__EEPROM_REGION_LENGTH__:0x10000
                [0x00000003]                __FUSE_REGION_LENGTH__ = DEFINED (__FUSE_REGION_LENGTH__)?__FUSE_REGION_LENGTH__:0x400
                0x00000400                __LOCK_REGION_LENGTH__ = DEFINED (__LOCK_REGION_LENGTH__)?__LOCK_REGION_LENGTH__:0x400
                0x00000400                __SIGNATURE_REGION_LENGTH__ = DEFINED (__SIGNATURE_REGION_LENGTH__)?__SIGNATURE_REGION_LENGTH__:0x400
                0x00000400                __USER_SIGNATURE_REGION_LENGTH__ = DEFINED (__USER_SIGNATURE_REGION_LENGTH__)?__USER_SIGNATURE_REGION_LENGTH__:0x400

.hash
 *(.hash)

.dynsym
 *(.dynsym)

.dynstr
 *(.dynstr)

.gnu.version
 *(.gnu.version)

.gnu.version_d
 *(.gnu.version_d)

.gnu.version_r
 *(.gnu.version_r)

.rel.init
 *(.rel.init)

.rela.init
 *(.rela.init)

.rel.text
 *(.rel.text)
 *(.rel.text.*)
 *(.rel.gnu.linkonce.t*)

.rela.text
 *(.rela.text)
 *(.rela.text.*)
 *(.rela.gnu.linkonce.t*)

.rel.fini
 *(.rel.fini)

.rela.fini
 *(.rela.fini)

.rel.rodata
 *(.rel.rodata)
 *(.rel.rodata.*)
 *(.rel.gnu.linkonce.r*)

.rela.rodata
 *(.rela.rodata)
 *(.rela.rodata.*)
 *(.rela.gnu.linkonce.r*)

.rel.data
 *(.rel.data)
 *(.rel.data.*)
 *(.rel.gnu.linkonce.d*)

.rela.data
 *(.rela.data)
 *(.rela.data.*)
 *(.rela.gnu.linkonce.d*)

.rel.ctors
 *(.rel.ctors)

.rela.ctors
 *(.rela.ctors)

.rel.dtors
 *(.rel.dtors)

.rela.dtors
 *(.rela.dtors)

.rel.got
 *(.rel.got)

.rela.got
 *(.rela.got)

.rel.bss
 *(.rel.bss)

.rela.bss
 *(.rela.bss)

.rel.plt
 *(.rel.plt)

.rela.plt
 *(.rela.plt)

.text           0x00000000     0x5986
 *(.vectors)
 .vectors       0x00000000       0xac c:/users/jarno.ratatosk.000/.platformio/packages/toolchain-atmelavr/bin/../lib/gcc/avr/7.3.0/../../../../avr/lib/avr5/crtatmega32u4.o
                0x00000000                __vector_default
                0x00000000                __vectors
 *(.vectors)
 *(.progmem.gcc*)
 .progmem.gcc_fplib
                0x000000ac       0x23 c:/users/jarno.ratatosk.000/.platformio/packages/toolchain-atmelavr/bin/../lib/gcc/avr/7.3.0/../../../../avr/lib/avr5\libm.a(tan.o)
 .progmem.gcc_fplib
                0x000000cf       0x28 c:/users/jarno.ratatosk.000/.platformio/packages/toolchain-atmelavr/bin/../lib/gcc/avr/7.3.0/../../../../avr/lib/avr5\libm.a(exp.o)
 .progmem.gcc_fplib
                0x000000f7       0x5a c:/users/jarno.ratatosk.000/.platformio/packages/toolchain-atmelavr/bin/../lib/gcc/avr/7.3.0/../../../../avr/lib/avr5\libm.a(log.o)
                0x00000152                . = ALIGN (0x2)
 *fill*         0x00000151        0x1 
                0x00000152                __trampolines_start = .
 *(.trampolines)
 .trampolines   0x00000152        0x0 linker stubs
 *(.trampolines*)
                0x00000152                __trampolines_end = .
 *libprintf_flt.a:*(.progmem.data)
 *libc.a:*(.progmem.data)
 .progmem.data  0x00000152       0x3b c:/users/jarno.ratatosk.000/.platformio/packages/toolchain-atmelavr/bin/../lib/gcc/avr/7.3.0/../../../../avr/lib/avr5\libc.a(strtod.o)
 *(.progmem*)
 .progmem.data  0x0000018d      0x7a0 C:\Users\JARNOR~1.000\AppData\Local\Temp\ccyWlAYa.ltrans0.ltrans.o
                0x0000092e                . = ALIGN (0x2)
 *fill*         0x0000092d        0x1 
 *(.jumptables)
 *(.jumptables*)
 *(.lowtext)
 *(.lowtext*)
                0x0000092e                __ctors_start = .
 *(.ctors)
 .ctors         0x0000092e        0x2 C:\Users\JARNOR~1.000\AppData\Local\Temp\ccyWlAYa.ltrans0.ltrans.o
                0x00000930                __ctors_end = .
                0x00000930                __dtors_start = .
 *(.dtors)
                0x00000930                __dtors_end = .
 SORT(*)(.ctors)
 SORT(*)(.dtors)
 *(.init0)
 .init0         0x00000930        0x0 c:/users/jarno.ratatosk.000/.platformio/packages/toolchain-atmelavr/bin/../lib/gcc/avr/7.3.0/../../../../avr/lib/avr5/crtatmega32u4.o
                0x00000930                __init
 *(.init0)
 *(.init1)
 *(.init1)
 *(.init2)
 .init2         0x00000930        0xc c:/users/jarno.ratatosk.000/.platformio/packages/toolchain-atmelavr/bin/../lib/gcc/avr/7.3.0/../../../../avr/lib/avr5/crtatmega32u4.o
 *(.init2)
 *(.init3)
 *(.init3)
 *(.init4)
 .init4         0x0000093c       0x16 c:/users/jarno.ratatosk.000/.platformio/packages/toolchain-atmelavr/bin/../lib/gcc/avr/7.3.0/avr5\libgcc.a(_copy_data.o)
                0x0000093c                __do_copy_data
 .init4         0x00000952       0x10 c:/users/jarno.ratatosk.000/.platformio/packages/toolchain-atmelavr/bin/../lib/gcc/avr/7.3.0/avr5\libgcc.a(_clear_bss.o)
                0x00000952                __do_clear_bss
 *(.init4)
 *(.init5)
 *(.init5)
 *(.init6)
 .init6         0x00000962       0x16 c:/users/jarno.ratatosk.000/.platformio/packages/toolchain-atmelavr/bin/../lib/gcc/avr/7.3.0/avr5\libgcc.a(_ctors.o)
                0x00000962                __do_global_ctors
 *(.init6)
 *(.init7)
 *(.init7)
 *(.init8)
 *(.init8)
 *(.init9)
 .init9         0x00000978        0x8 c:/users/jarno.ratatosk.000/.platformio/packages/toolchain-atmelavr/bin/../lib/gcc/avr/7.3.0/../../../../avr/lib/avr5/crtatmega32u4.o
 *(.init9)
 *(.text)
 .text          0x00000980        0x4 c:/users/jarno.ratatosk.000/.platformio/packages/toolchain-atmelavr/bin/../lib/gcc/avr/7.3.0/../../../../avr/lib/avr5/crtatmega32u4.o
                0x00000980                __vector_38
                0x00000980                __vector_22
                0x00000980                __vector_28
                0x00000980                __vector_1
                0x00000980                __vector_32
                0x00000980                __vector_34
                0x00000980                __vector_24
                0x00000980                __vector_12
                0x00000980                __bad_interrupt
                0x00000980                __vector_6
                0x00000980                __vector_31
                0x00000980                __vector_35
                0x00000980                __vector_39
                0x00000980                __vector_3
                0x00000980                __vector_30
                0x00000980                __vector_25
                0x00000980                __vector_13
                0x00000980                __vector_17
                0x00000980                __vector_19
                0x00000980                __vector_7
                0x00000980                __vector_41
                0x00000980                __vector_27
                0x00000980                __vector_5
                0x00000980                __vector_33
                0x00000980                __vector_37
                0x00000980                __vector_4
                0x00000980                __vector_9
                0x00000980                __vector_2
                0x00000980                __vector_21
                0x00000980                __vector_15
                0x00000980                __vector_36
                0x00000980                __vector_29
                0x00000980                __vector_40
                0x00000980                __vector_8
                0x00000980                __vector_26
                0x00000980                __vector_14
                0x00000980                __vector_16
                0x00000980                __vector_18
                0x00000980                __vector_20
                0x00000980                __vector_42
 .text          0x00000984     0x1e7c C:\Users\JARNOR~1.000\AppData\Local\Temp\ccyWlAYa.ltrans0.ltrans.o
                0x0000222a                __vector_23
                0x000022be                __vector_10
                0x0000239c                __vector_11
                0x00002800                . = ALIGN (0x2)
 *(.text.*)
 .text.startup  0x00002800     0x1c3a C:\Users\JARNOR~1.000\AppData\Local\Temp\ccyWlAYa.ltrans0.ltrans.o
                0x00002c98                main
 .text.avr-libc
                0x0000443a      0x22e c:/users/jarno.ratatosk.000/.platformio/packages/toolchain-atmelavr/bin/../lib/gcc/avr/7.3.0/../../../../avr/lib/avr5\libc.a(strtol.o)
                0x0000443a                strtol
 .text.avr-libc
                0x00004668        0x8 c:/users/jarno.ratatosk.000/.platformio/packages/toolchain-atmelavr/bin/../lib/gcc/avr/7.3.0/../../../../avr/lib/avr5\libc.a(atof.o)
                0x00004668                atof
 .text.avr-libc
                0x00004670       0x12 c:/users/jarno.ratatosk.000/.platformio/packages/toolchain-atmelavr/bin/../lib/gcc/avr/7.3.0/../../../../avr/lib/avr5\libc.a(isspace.o)
                0x00004670                isspace
 .text.avr-libc
                0x00004682       0x12 c:/users/jarno.ratatosk.000/.platformio/packages/toolchain-atmelavr/bin/../lib/gcc/avr/7.3.0/../../../../avr/lib/avr5\libc.a(strcmp_P.o)
                0x00004682                strcmp_P
 .text.avr-libc
                0x00004694        0xa c:/users/jarno.ratatosk.000/.platformio/packages/toolchain-atmelavr/bin/../lib/gcc/avr/7.3.0/../../../../avr/lib/avr5\libc.a(strtok.o)
                0x00004694                strtok
 .text.avr-libc
                0x0000469e       0x4e c:/users/jarno.ratatosk.000/.platformio/packages/toolchain-atmelavr/bin/../lib/gcc/avr/7.3.0/../../../../avr/lib/avr5\libc.a(strtok_r.o)
                0x0000469e                strtok_r
 .text.avr-libc
                0x000046ec       0x46 c:/users/jarno.ratatosk.000/.platformio/packages/toolchain-atmelavr/bin/../lib/gcc/avr/7.3.0/../../../../avr/lib/avr5\libc.a(sprintf_p.o)
                0x000046ec                sprintf_P
 .text.avr-libc
                0x00004732      0x3b4 c:/users/jarno.ratatosk.000/.platformio/packages/toolchain-atmelavr/bin/../lib/gcc/avr/7.3.0/../../../../avr/lib/avr5\libc.a(vfprintf_std.o)
                0x00004732                vfprintf
 .text.avr-libc
                0x00004ae6      0x2a0 c:/users/jarno.ratatosk.000/.platformio/packages/toolchain-atmelavr/bin/../lib/gcc/avr/7.3.0/../../../../avr/lib/avr5\libc.a(strtod.o)
                0x00004ae6                strtod
 .text.avr-libc
                0x00004d86        0x6 c:/users/jarno.ratatosk.000/.platformio/packages/toolchain-atmelavr/bin/../lib/gcc/avr/7.3.0/../../../../avr/lib/avr5\libc.a(cty_isfalse.o)
                0x00004d86                __ctype_isfalse
                0x00004d8a                __ctype_istrue
 .text.avr-libc
                0x00004d8c       0x30 c:/users/jarno.ratatosk.000/.platformio/packages/toolchain-atmelavr/bin/../lib/gcc/avr/7.3.0/../../../../avr/lib/avr5\libc.a(strncasecmp_P.o)
                0x00004d8c                strncasecmp_P
 .text.avr-libc
                0x00004dbc       0x16 c:/users/jarno.ratatosk.000/.platformio/packages/toolchain-atmelavr/bin/../lib/gcc/avr/7.3.0/../../../../avr/lib/avr5\libc.a(strnlen_P.o)
                0x00004dbc                strnlen_P
 .text.avr-libc
                0x00004dd2       0x16 c:/users/jarno.ratatosk.000/.platformio/packages/toolchain-atmelavr/bin/../lib/gcc/avr/7.3.0/../../../../avr/lib/avr5\libc.a(strnlen.o)
                0x00004dd2                strnlen
 .text.avr-libc
                0x00004de8       0x60 c:/users/jarno.ratatosk.000/.platformio/packages/toolchain-atmelavr/bin/../lib/gcc/avr/7.3.0/../../../../avr/lib/avr5\libc.a(fputc.o)
                0x00004de8                fputc
 .text.avr-libc
                0x00004e48       0xbc c:/users/jarno.ratatosk.000/.platformio/packages/toolchain-atmelavr/bin/../lib/gcc/avr/7.3.0/../../../../avr/lib/avr5\libc.a(ultoa_invert.o)
                0x00004e48                __ultoa_invert
 .text.avr-libc.fplib
                0x00004f04        0xa c:/users/jarno.ratatosk.000/.platformio/packages/toolchain-atmelavr/bin/../lib/gcc/avr/7.3.0/../../../../avr/lib/avr5\libc.a(cmpsf2.o)
                0x00004f04                __nesf2
                0x00004f04                __eqsf2
                0x00004f04                __cmpsf2
                0x00004f04                __ltsf2
                0x00004f04                __lesf2
 .text.avr-libc.fplib
                0x00004f0e       0x7a c:/users/jarno.ratatosk.000/.platformio/packages/toolchain-atmelavr/bin/../lib/gcc/avr/7.3.0/../../../../avr/lib/avr5\libc.a(floatsisf.o)
                0x00004f0e                __floatunsisf
                0x00004f12                __floatsisf
 .text.avr-libc.fplib
                0x00004f88       0x48 c:/users/jarno.ratatosk.000/.platformio/packages/toolchain-atmelavr/bin/../lib/gcc/avr/7.3.0/../../../../avr/lib/avr5\libc.a(fp_cmp.o)
                0x00004f88                __fp_cmp
 .text.avr-libc.fplib
                0x00004fd0        0x8 c:/users/jarno.ratatosk.000/.platformio/packages/toolchain-atmelavr/bin/../lib/gcc/avr/7.3.0/../../../../avr/lib/avr5\libc.a(mulsf3.o)
                0x00004fd0                __mulsf3
 .text.avr-libc.fplib
                0x00004fd8       0xd2 c:/users/jarno.ratatosk.000/.platformio/packages/toolchain-atmelavr/bin/../lib/gcc/avr/7.3.0/../../../../avr/lib/avr5\libc.a(mulsf3x.o)
                0x00004ff6                __mulsf3x
                0x00004ffc                __mulsf3_pse
 .text.avr-libc.fplib
                0x000050aa        0xc c:/users/jarno.ratatosk.000/.platformio/packages/toolchain-atmelavr/bin/../lib/gcc/avr/7.3.0/../../../../avr/lib/avr5\libc.a(fp_inf.o)
                0x000050aa                __fp_inf
 .text.avr-libc.fplib
                0x000050b6        0x6 c:/users/jarno.ratatosk.000/.platformio/packages/toolchain-atmelavr/bin/../lib/gcc/avr/7.3.0/../../../../avr/lib/avr5\libc.a(fp_nan.o)
                0x000050b6                __fp_nan
 .text.avr-libc.fplib
                0x000050bc        0xe c:/users/jarno.ratatosk.000/.platformio/packages/toolchain-atmelavr/bin/../lib/gcc/avr/7.3.0/../../../../avr/lib/avr5\libc.a(fp_pscA.o)
                0x000050bc                __fp_pscA
 .text.avr-libc.fplib
                0x000050ca        0xe c:/users/jarno.ratatosk.000/.platformio/packages/toolchain-atmelavr/bin/../lib/gcc/avr/7.3.0/../../../../avr/lib/avr5\libc.a(fp_pscB.o)
                0x000050ca                __fp_pscB
 .text.avr-libc.fplib
                0x000050d8       0x22 c:/users/jarno.ratatosk.000/.platformio/packages/toolchain-atmelavr/bin/../lib/gcc/avr/7.3.0/../../../../avr/lib/avr5\libc.a(fp_round.o)
                0x000050d8                __fp_round
 .text.avr-libc.fplib
                0x000050fa       0x44 c:/users/jarno.ratatosk.000/.platformio/packages/toolchain-atmelavr/bin/../lib/gcc/avr/7.3.0/../../../../avr/lib/avr5\libc.a(fp_split3.o)
                0x000050fa                __fp_split3
                0x0000510a                __fp_splitA
 .text.avr-libc.fplib
                0x0000513e        0xe c:/users/jarno.ratatosk.000/.platformio/packages/toolchain-atmelavr/bin/../lib/gcc/avr/7.3.0/../../../../avr/lib/avr5\libc.a(fp_zero.o)
                0x0000513e                __fp_zero
                0x00005140                __fp_szero
 .text.avr-libc
                0x0000514c       0x10 c:/users/jarno.ratatosk.000/.platformio/packages/toolchain-atmelavr/bin/../lib/gcc/avr/7.3.0/../../../../avr/lib/avr5\libatmega32u4.a(eerd_byte.o)
                0x0000514c                eeprom_read_byte
 .text.avr-libc
                0x0000515c       0x1c c:/users/jarno.ratatosk.000/.platformio/packages/toolchain-atmelavr/bin/../lib/gcc/avr/7.3.0/../../../../avr/lib/avr5\libatmega32u4.a(eewr_byte.o)
                0x0000515c                eeprom_write_byte
                0x0000515e                eeprom_write_r18
 .text.libgcc.mul
                0x00005178       0x20 c:/users/jarno.ratatosk.000/.platformio/packages/toolchain-atmelavr/bin/../lib/gcc/avr/7.3.0/avr5\libgcc.a(_mulsi3.o)
                0x00005178                __mulsi3
 .text.libgcc.div
                0x00005198       0x44 c:/users/jarno.ratatosk.000/.platformio/packages/toolchain-atmelavr/bin/../lib/gcc/avr/7.3.0/avr5\libgcc.a(_udivmodsi4.o)
                0x00005198                __udivmodsi4
 .text.libgcc.div
                0x000051dc       0x2e c:/users/jarno.ratatosk.000/.platformio/packages/toolchain-atmelavr/bin/../lib/gcc/avr/7.3.0/avr5\libgcc.a(_divmodsi4.o)
                0x000051dc                __divmodsi4
 .text.libgcc.div
                0x0000520a       0x10 c:/users/jarno.ratatosk.000/.platformio/packages/toolchain-atmelavr/bin/../lib/gcc/avr/7.3.0/avr5\libgcc.a(_negsi2.o)
                0x0000520a                __negsi2
 .text.libgcc.mul
                0x0000521a       0x16 c:/users/jarno.ratatosk.000/.platformio/packages/toolchain-atmelavr/bin/../lib/gcc/avr/7.3.0/avr5\libgcc.a(_muluhisi3.o)
                0x0000521a                __muluhisi3
 .text.libgcc.prologue
                0x00005230       0x38 c:/users/jarno.ratatosk.000/.platformio/packages/toolchain-atmelavr/bin/../lib/gcc/avr/7.3.0/avr5\libgcc.a(_prologue.o)
                0x00005230                __prologue_saves__
 .text.libgcc.prologue
                0x00005268       0x36 c:/users/jarno.ratatosk.000/.platformio/packages/toolchain-atmelavr/bin/../lib/gcc/avr/7.3.0/avr5\libgcc.a(_epilogue.o)
                0x00005268                __epilogue_restores__
 .text.libgcc.mul
                0x0000529e       0x1e c:/users/jarno.ratatosk.000/.platformio/packages/toolchain-atmelavr/bin/../lib/gcc/avr/7.3.0/avr5\libgcc.a(_umulhisi3.o)
                0x0000529e                __umulhisi3
 .text.libgcc   0x000052bc        0xc c:/users/jarno.ratatosk.000/.platformio/packages/toolchain-atmelavr/bin/../lib/gcc/avr/7.3.0/avr5\libgcc.a(_tablejump2.o)
                0x000052bc                __tablejump2__
 .text.avr-libc.fplib
                0x000052c8        0xe c:/users/jarno.ratatosk.000/.platformio/packages/toolchain-atmelavr/bin/../lib/gcc/avr/7.3.0/../../../../avr/lib/avr5\libm.a(addsf3.o)
                0x000052c8                __subsf3
                0x000052ca                __addsf3
 .text.avr-libc.fplib
                0x000052d6       0xcc c:/users/jarno.ratatosk.000/.platformio/packages/toolchain-atmelavr/bin/../lib/gcc/avr/7.3.0/../../../../avr/lib/avr5\libm.a(addsf3x.o)
                0x000052f8                __addsf3x
 .text.avr-libc.fplib
                0x000053a2        0x8 c:/users/jarno.ratatosk.000/.platformio/packages/toolchain-atmelavr/bin/../lib/gcc/avr/7.3.0/../../../../avr/lib/avr5\libm.a(divsf3.o)
                0x000053a2                __divsf3
 .text.avr-libc.fplib
                0x000053aa       0xdc c:/users/jarno.ratatosk.000/.platformio/packages/toolchain-atmelavr/bin/../lib/gcc/avr/7.3.0/../../../../avr/lib/avr5\libm.a(divsf3x.o)
                0x000053ca                __divsf3x
                0x000053d0                __divsf3_pse
 .text.avr-libc.fplib
                0x00005486        0xe c:/users/jarno.ratatosk.000/.platformio/packages/toolchain-atmelavr/bin/../lib/gcc/avr/7.3.0/../../../../avr/lib/avr5\libm.a(fixsfsi.o)
                0x00005486                __fixsfsi
 .text.avr-libc.fplib
                0x00005494       0x5e c:/users/jarno.ratatosk.000/.platformio/packages/toolchain-atmelavr/bin/../lib/gcc/avr/7.3.0/../../../../avr/lib/avr5\libm.a(fixunssfsi.o)
                0x00005494                __fixunssfsi
 .text.avr-libc.fplib
                0x000054f2        0xa c:/users/jarno.ratatosk.000/.platformio/packages/toolchain-atmelavr/bin/../lib/gcc/avr/7.3.0/../../../../avr/lib/avr5\libm.a(gesf2.o)
                0x000054f2                __gesf2
                0x000054f2                __gtsf2
 .text.avr-libc.fplib
                0x000054fc       0xa0 c:/users/jarno.ratatosk.000/.platformio/packages/toolchain-atmelavr/bin/../lib/gcc/avr/7.3.0/../../../../avr/lib/avr5\libm.a(pow.o)
                0x000054fc                pow
 .text.avr-libc.fplib
                0x0000559c       0x4a c:/users/jarno.ratatosk.000/.platformio/packages/toolchain-atmelavr/bin/../lib/gcc/avr/7.3.0/../../../../avr/lib/avr5\libm.a(tan.o)
                0x0000559c                tan
 .text.avr-libc.fplib
                0x000055e6        0xa c:/users/jarno.ratatosk.000/.platformio/packages/toolchain-atmelavr/bin/../lib/gcc/avr/7.3.0/../../../../avr/lib/avr5\libm.a(unordsf2.o)
                0x000055e6                __unordsf2
 .text.avr-libc.fplib
                0x000055f0       0x74 c:/users/jarno.ratatosk.000/.platformio/packages/toolchain-atmelavr/bin/../lib/gcc/avr/7.3.0/../../../../avr/lib/avr5\libm.a(exp.o)
                0x00005600                exp
 .text.avr-libc.fplib
                0x00005664       0x4e c:/users/jarno.ratatosk.000/.platformio/packages/toolchain-atmelavr/bin/../lib/gcc/avr/7.3.0/../../../../avr/lib/avr5\libm.a(fp_powser.o)
                0x00005664                __fp_powser
 .text.avr-libc.fplib
                0x000056b2       0x28 c:/users/jarno.ratatosk.000/.platformio/packages/toolchain-atmelavr/bin/../lib/gcc/avr/7.3.0/../../../../avr/lib/avr5\libm.a(fp_powsodd.o)
                0x000056b2                __fp_powsodd
 .text.avr-libc.fplib
                0x000056da       0x56 c:/users/jarno.ratatosk.000/.platformio/packages/toolchain-atmelavr/bin/../lib/gcc/avr/7.3.0/../../../../avr/lib/avr5\libm.a(fp_rempio2.o)
                0x000056de                __fp_rempio2
 .text.avr-libc.fplib
                0x00005730       0x10 c:/users/jarno.ratatosk.000/.platformio/packages/toolchain-atmelavr/bin/../lib/gcc/avr/7.3.0/../../../../avr/lib/avr5\libm.a(inverse.o)
                0x00005730                inverse
 .text.avr-libc.fplib
                0x00005740       0x74 c:/users/jarno.ratatosk.000/.platformio/packages/toolchain-atmelavr/bin/../lib/gcc/avr/7.3.0/../../../../avr/lib/avr5\libm.a(ldexp.o)
                0x00005748                ldexp
 .text.avr-libc.fplib
                0x000057b4       0xa0 c:/users/jarno.ratatosk.000/.platformio/packages/toolchain-atmelavr/bin/../lib/gcc/avr/7.3.0/../../../../avr/lib/avr5\libm.a(log.o)
                0x000057c4                log
 .text.avr-libc.fplib
                0x00005854       0x68 c:/users/jarno.ratatosk.000/.platformio/packages/toolchain-atmelavr/bin/../lib/gcc/avr/7.3.0/../../../../avr/lib/avr5\libm.a(modf.o)
                0x00005854                modf
                0x00005854                modff
 .text.avr-libc.fplib
                0x000058bc       0x1c c:/users/jarno.ratatosk.000/.platformio/packages/toolchain-atmelavr/bin/../lib/gcc/avr/7.3.0/../../../../avr/lib/avr5\libm.a(fp_mpack.o)
                0x000058bc                __fp_mpack
                0x000058c0                __fp_mpack_finite
 .text.avr-libc
                0x000058d8        0xa c:/users/jarno.ratatosk.000/.platformio/packages/toolchain-atmelavr/bin/../lib/gcc/avr/7.3.0/../../../../avr/lib/avr5\libc.a(abort.o)
                0x000058d8                abort
 .text.avr-libc
                0x000058e2       0x10 c:/users/jarno.ratatosk.000/.platformio/packages/toolchain-atmelavr/bin/../lib/gcc/avr/7.3.0/../../../../avr/lib/avr5\libc.a(toupper.o)
                0x000058e2                toupper
 .text.avr-libc
                0x000058f2       0x1a c:/users/jarno.ratatosk.000/.platformio/packages/toolchain-atmelavr/bin/../lib/gcc/avr/7.3.0/../../../../avr/lib/avr5\libc.a(memcmp.o)
                0x000058f2                memcmp
 .text.avr-libc
                0x0000590c       0x12 c:/users/jarno.ratatosk.000/.platformio/packages/toolchain-atmelavr/bin/../lib/gcc/avr/7.3.0/../../../../avr/lib/avr5\libc.a(strcmp.o)
                0x0000590c                strcmp
 .text.avr-libc
                0x0000591e       0x1e c:/users/jarno.ratatosk.000/.platformio/packages/toolchain-atmelavr/bin/../lib/gcc/avr/7.3.0/../../../../avr/lib/avr5\libc.a(strncpy.o)
                0x0000591e                strncpy
 .text.avr-libc
                0x0000593c       0x46 c:/users/jarno.ratatosk.000/.platformio/packages/toolchain-atmelavr/bin/../lib/gcc/avr/7.3.0/../../../../avr/lib/avr5\libc.a(sprintf.o)
                0x0000593c                sprintf
                0x00005982                . = ALIGN (0x2)
 *(.fini9)
 .fini9         0x00005982        0x0 c:/users/jarno.ratatosk.000/.platformio/packages/toolchain-atmelavr/bin/../lib/gcc/avr/7.3.0/avr5\libgcc.a(_exit.o)
                0x00005982                _exit
                0x00005982                exit
 *(.fini9)
 *(.fini8)
 *(.fini8)
 *(.fini7)
 *(.fini7)
 *(.fini6)
 *(.fini6)
 *(.fini5)
 *(.fini5)
 *(.fini4)
 *(.fini4)
 *(.fini3)
 *(.fini3)
 *(.fini2)
 *(.fini2)
 *(.fini1)
 *(.fini1)
 *(.fini0)
 .fini0         0x00005982        0x4 c:/users/jarno.ratatosk.000/.platformio/packages/toolchain-atmelavr/bin/../lib/gcc/avr/7.3.0/avr5\libgcc.a(_exit.o)
 *(.fini0)
                0x00005986                _etext = .

.data           0x00800100      0x1b0 load address 0x00005986
                0x00800100                PROVIDE (__data_start, .)
 *(.data)
 .data          0x00800100       0x24 C:\Users\JARNOR~1.000\AppData\Local\Temp\ccyWlAYa.ltrans0.ltrans.o
 *(.data*)
 *(.gnu.linkonce.d*)
 *(.rodata)
 .rodata        0x00800124       0xc8 C:\Users\JARNOR~1.000\AppData\Local\Temp\ccyWlAYa.ltrans0.ltrans.o
 *(.rodata*)
 .rodata.str1.1
                0x008001ec       0xc3 C:\Users\JARNOR~1.000\AppData\Local\Temp\ccyWlAYa.ltrans0.ltrans.o
                                 0xc6 (size before relaxing)
 *(.gnu.linkonce.r*)
                0x008002b0                . = ALIGN (0x2)
 *fill*         0x008002af        0x1 
                0x008002b0                _edata = .
                0x008002b0                PROVIDE (__data_end, .)

.bss            0x008002b0      0x1a2
                0x008002b0                PROVIDE (__bss_start, .)
 *(.bss)
 .bss           0x008002b0      0x19e C:\Users\JARNOR~1.000\AppData\Local\Temp\ccyWlAYa.ltrans0.ltrans.o
 .bss           0x0080044e        0x2 c:/users/jarno.ratatosk.000/.platformio/packages/toolchain-atmelavr/bin/../lib/gcc/avr/7.3.0/../../../../avr/lib/avr5\libc.a(strtok.o)
 *(.bss*)
 *(COMMON)
 COMMON         0x00800450        0x2 c:/users/jarno.ratatosk.000/.platformio/packages/toolchain-atmelavr/bin/../lib/gcc/avr/7.3.0/../../../../avr/lib/avr5\libc.a(errno.o)
                0x00800450                errno
                0x00800452                PROVIDE (__bss_end, .)
                0x00005986                __data_load_start = LOADADDR (.data)
                0x00005b36                __data_load_end = (__data_load_start + SIZEOF (.data))

.noinit         0x00800452        0x0
                [!provide]                PROVIDE (__noinit_start, .)
 *(.noinit*)
                [!provide]                PROVIDE (__noinit_end, .)
                0x00800452                _end = .
                [!provide]                PROVIDE (__heap_start, .)

.eeprom         0x00810000        0x0
 *(.eeprom*)
                0x00810000                __eeprom_end = .

.fuse
 *(.fuse)
 *(.lfuse)
 *(.hfuse)
 *(.efuse)

.lock
 *(.lock*)

.signature
 *(.signature*)

.user_signatures
 *(.user_signatures*)

.stab
 *(.stab)

.stabstr
 *(.stabstr)

.stab.excl
 *(.stab.excl)

.stab.exclstr
 *(.stab.exclstr)

.stab.index
 *(.stab.index)

.stab.indexstr
 *(.stab.indexstr)

.comment        0x00000000       0x11
 *(.comment)
 .comment       0x00000000       0x12 C:\Users\JARNOR~1.000\AppData\Local\Temp\ccyWlAYa.ltrans0.ltrans.o
 .comment       0x00000000       0x11 c:/users/jarno.ratatosk.000/.platformio/packages/toolchain-atmelavr/bin/../lib/gcc/avr/7.3.0/../../../../avr/lib/avr5\libc.a(strtol.o)
                                 0x12 (size before relaxing)
 .comment       0x00000011       0x12 c:/users/jarno.ratatosk.000/.platformio/packages/toolchain-atmelavr/bin/../lib/gcc/avr/7.3.0/../../../../avr/lib/avr5\libc.a(strtok.o)
 .comment       0x00000011       0x12 c:/users/jarno.ratatosk.000/.platformio/packages/toolchain-atmelavr/bin/../lib/gcc/avr/7.3.0/../../../../avr/lib/avr5\libc.a(sprintf_p.o)
 .comment       0x00000011       0x12 c:/users/jarno.ratatosk.000/.platformio/packages/toolchain-atmelavr/bin/../lib/gcc/avr/7.3.0/../../../../avr/lib/avr5\libc.a(vfprintf_std.o)
 .comment       0x00000011       0x12 c:/users/jarno.ratatosk.000/.platformio/packages/toolchain-atmelavr/bin/../lib/gcc/avr/7.3.0/../../../../avr/lib/avr5\libc.a(errno.o)
 .comment       0x00000011       0x12 c:/users/jarno.ratatosk.000/.platformio/packages/toolchain-atmelavr/bin/../lib/gcc/avr/7.3.0/../../../../avr/lib/avr5\libc.a(strtod.o)
 .comment       0x00000011       0x12 c:/users/jarno.ratatosk.000/.platformio/packages/toolchain-atmelavr/bin/../lib/gcc/avr/7.3.0/../../../../avr/lib/avr5\libc.a(fputc.o)
 .comment       0x00000011       0x12 c:/users/jarno.ratatosk.000/.platformio/packages/toolchain-atmelavr/bin/../lib/gcc/avr/7.3.0/../../../../avr/lib/avr5\libc.a(sprintf.o)

.note.gnu.avr.deviceinfo
                0x00000000       0x40
 .note.gnu.avr.deviceinfo
                0x00000000       0x40 c:/users/jarno.ratatosk.000/.platformio/packages/toolchain-atmelavr/bin/../lib/gcc/avr/7.3.0/../../../../avr/lib/avr5/crtatmega32u4.o

.note.gnu.build-id
 *(.note.gnu.build-id)

.debug
 *(.debug)

.line
 *(.line)

.debug_srcinfo
 *(.debug_srcinfo)

.debug_sfnames
 *(.debug_sfnames)

.debug_aranges  0x00000000      0x1a0
 *(.debug_aranges)
 .debug_aranges
                0x00000000       0x20 c:/users/jarno.ratatosk.000/.platformio/packages/toolchain-atmelavr/bin/../lib/gcc/avr/7.3.0/avr5\libgcc.a(_exit.o)
 .debug_aranges
                0x00000020       0x20 c:/users/jarno.ratatosk.000/.platformio/packages/toolchain-atmelavr/bin/../lib/gcc/avr/7.3.0/avr5\libgcc.a(_mulsi3.o)
 .debug_aranges
                0x00000040       0x20 c:/users/jarno.ratatosk.000/.platformio/packages/toolchain-atmelavr/bin/../lib/gcc/avr/7.3.0/avr5\libgcc.a(_udivmodsi4.o)
 .debug_aranges
                0x00000060       0x20 c:/users/jarno.ratatosk.000/.platformio/packages/toolchain-atmelavr/bin/../lib/gcc/avr/7.3.0/avr5\libgcc.a(_divmodsi4.o)
 .debug_aranges
                0x00000080       0x20 c:/users/jarno.ratatosk.000/.platformio/packages/toolchain-atmelavr/bin/../lib/gcc/avr/7.3.0/avr5\libgcc.a(_negsi2.o)
 .debug_aranges
                0x000000a0       0x20 c:/users/jarno.ratatosk.000/.platformio/packages/toolchain-atmelavr/bin/../lib/gcc/avr/7.3.0/avr5\libgcc.a(_copy_data.o)
 .debug_aranges
                0x000000c0       0x20 c:/users/jarno.ratatosk.000/.platformio/packages/toolchain-atmelavr/bin/../lib/gcc/avr/7.3.0/avr5\libgcc.a(_clear_bss.o)
 .debug_aranges
                0x000000e0       0x20 c:/users/jarno.ratatosk.000/.platformio/packages/toolchain-atmelavr/bin/../lib/gcc/avr/7.3.0/avr5\libgcc.a(_muluhisi3.o)
 .debug_aranges
                0x00000100       0x20 c:/users/jarno.ratatosk.000/.platformio/packages/toolchain-atmelavr/bin/../lib/gcc/avr/7.3.0/avr5\libgcc.a(_prologue.o)
 .debug_aranges
                0x00000120       0x20 c:/users/jarno.ratatosk.000/.platformio/packages/toolchain-atmelavr/bin/../lib/gcc/avr/7.3.0/avr5\libgcc.a(_epilogue.o)
 .debug_aranges
                0x00000140       0x20 c:/users/jarno.ratatosk.000/.platformio/packages/toolchain-atmelavr/bin/../lib/gcc/avr/7.3.0/avr5\libgcc.a(_umulhisi3.o)
 .debug_aranges
                0x00000160       0x20 c:/users/jarno.ratatosk.000/.platformio/packages/toolchain-atmelavr/bin/../lib/gcc/avr/7.3.0/avr5\libgcc.a(_tablejump2.o)
 .debug_aranges
                0x00000180       0x20 c:/users/jarno.ratatosk.000/.platformio/packages/toolchain-atmelavr/bin/../lib/gcc/avr/7.3.0/avr5\libgcc.a(_ctors.o)

.debug_pubnames
 *(.debug_pubnames)

.debug_info     0x00000000     0x1373
 *(.debug_info .gnu.linkonce.wi.*)
 .debug_info    0x00000000      0x9f4 c:/users/jarno.ratatosk.000/.platformio/packages/toolchain-atmelavr/bin/../lib/gcc/avr/7.3.0/../../../../avr/lib/avr5/crtatmega32u4.o
 .debug_info    0x000009f4       0xbb c:/users/jarno.ratatosk.000/.platformio/packages/toolchain-atmelavr/bin/../lib/gcc/avr/7.3.0/avr5\libgcc.a(_exit.o)
 .debug_info    0x00000aaf       0xbb c:/users/jarno.ratatosk.000/.platformio/packages/toolchain-atmelavr/bin/../lib/gcc/avr/7.3.0/avr5\libgcc.a(_mulsi3.o)
 .debug_info    0x00000b6a       0xbb c:/users/jarno.ratatosk.000/.platformio/packages/toolchain-atmelavr/bin/../lib/gcc/avr/7.3.0/avr5\libgcc.a(_udivmodsi4.o)
 .debug_info    0x00000c25       0xbb c:/users/jarno.ratatosk.000/.platformio/packages/toolchain-atmelavr/bin/../lib/gcc/avr/7.3.0/avr5\libgcc.a(_divmodsi4.o)
 .debug_info    0x00000ce0       0xbb c:/users/jarno.ratatosk.000/.platformio/packages/toolchain-atmelavr/bin/../lib/gcc/avr/7.3.0/avr5\libgcc.a(_negsi2.o)
 .debug_info    0x00000d9b       0xbb c:/users/jarno.ratatosk.000/.platformio/packages/toolchain-atmelavr/bin/../lib/gcc/avr/7.3.0/avr5\libgcc.a(_copy_data.o)
 .debug_info    0x00000e56       0xbb c:/users/jarno.ratatosk.000/.platformio/packages/toolchain-atmelavr/bin/../lib/gcc/avr/7.3.0/avr5\libgcc.a(_clear_bss.o)
 .debug_info    0x00000f11       0xbb c:/users/jarno.ratatosk.000/.platformio/packages/toolchain-atmelavr/bin/../lib/gcc/avr/7.3.0/avr5\libgcc.a(_muluhisi3.o)
 .debug_info    0x00000fcc       0xbb c:/users/jarno.ratatosk.000/.platformio/packages/toolchain-atmelavr/bin/../lib/gcc/avr/7.3.0/avr5\libgcc.a(_prologue.o)
 .debug_info    0x00001087       0xbb c:/users/jarno.ratatosk.000/.platformio/packages/toolchain-atmelavr/bin/../lib/gcc/avr/7.3.0/avr5\libgcc.a(_epilogue.o)
 .debug_info    0x00001142       0xbb c:/users/jarno.ratatosk.000/.platformio/packages/toolchain-atmelavr/bin/../lib/gcc/avr/7.3.0/avr5\libgcc.a(_umulhisi3.o)
 .debug_info    0x000011fd       0xbb c:/users/jarno.ratatosk.000/.platformio/packages/toolchain-atmelavr/bin/../lib/gcc/avr/7.3.0/avr5\libgcc.a(_tablejump2.o)
 .debug_info    0x000012b8       0xbb c:/users/jarno.ratatosk.000/.platformio/packages/toolchain-atmelavr/bin/../lib/gcc/avr/7.3.0/avr5\libgcc.a(_ctors.o)

.debug_abbrev   0x00000000      0xa6e
 *(.debug_abbrev)
 .debug_abbrev  0x00000000      0x96a c:/users/jarno.ratatosk.000/.platformio/packages/toolchain-atmelavr/bin/../lib/gcc/avr/7.3.0/../../../../avr/lib/avr5/crtatmega32u4.o
 .debug_abbrev  0x0000096a       0x14 c:/users/jarno.ratatosk.000/.platformio/packages/toolchain-atmelavr/bin/../lib/gcc/avr/7.3.0/avr5\libgcc.a(_exit.o)
 .debug_abbrev  0x0000097e       0x14 c:/users/jarno.ratatosk.000/.platformio/packages/toolchain-atmelavr/bin/../lib/gcc/avr/7.3.0/avr5\libgcc.a(_mulsi3.o)
 .debug_abbrev  0x00000992       0x14 c:/users/jarno.ratatosk.000/.platformio/packages/toolchain-atmelavr/bin/../lib/gcc/avr/7.3.0/avr5\libgcc.a(_udivmodsi4.o)
 .debug_abbrev  0x000009a6       0x14 c:/users/jarno.ratatosk.000/.platformio/packages/toolchain-atmelavr/bin/../lib/gcc/avr/7.3.0/avr5\libgcc.a(_divmodsi4.o)
 .debug_abbrev  0x000009ba       0x14 c:/users/jarno.ratatosk.000/.platformio/packages/toolchain-atmelavr/bin/../lib/gcc/avr/7.3.0/avr5\libgcc.a(_negsi2.o)
 .debug_abbrev  0x000009ce       0x14 c:/users/jarno.ratatosk.000/.platformio/packages/toolchain-atmelavr/bin/../lib/gcc/avr/7.3.0/avr5\libgcc.a(_copy_data.o)
 .debug_abbrev  0x000009e2       0x14 c:/users/jarno.ratatosk.000/.platformio/packages/toolchain-atmelavr/bin/../lib/gcc/avr/7.3.0/avr5\libgcc.a(_clear_bss.o)
 .debug_abbrev  0x000009f6       0x14 c:/users/jarno.ratatosk.000/.platformio/packages/toolchain-atmelavr/bin/../lib/gcc/avr/7.3.0/avr5\libgcc.a(_muluhisi3.o)
 .debug_abbrev  0x00000a0a       0x14 c:/users/jarno.ratatosk.000/.platformio/packages/toolchain-atmelavr/bin/../lib/gcc/avr/7.3.0/avr5\libgcc.a(_prologue.o)
 .debug_abbrev  0x00000a1e       0x14 c:/users/jarno.ratatosk.000/.platformio/packages/toolchain-atmelavr/bin/../lib/gcc/avr/7.3.0/avr5\libgcc.a(_epilogue.o)
 .debug_abbrev  0x00000a32       0x14 c:/users/jarno.ratatosk.000/.platformio/packages/toolchain-atmelavr/bin/../lib/gcc/avr/7.3.0/avr5\libgcc.a(_umulhisi3.o)
 .debug_abbrev  0x00000a46       0x14 c:/users/jarno.ratatosk.000/.platformio/packages/toolchain-atmelavr/bin/../lib/gcc/avr/7.3.0/avr5\libgcc.a(_tablejump2.o)
 .debug_abbrev  0x00000a5a       0x14 c:/users/jarno.ratatosk.000/.platformio/packages/toolchain-atmelavr/bin/../lib/gcc/avr/7.3.0/avr5\libgcc.a(_ctors.o)

.debug_line     0x00000000      0x8e0
 *(.debug_line .debug_line.* .debug_line_end)
 .debug_line    0x00000000       0x1a c:/users/jarno.ratatosk.000/.platformio/packages/toolchain-atmelavr/bin/../lib/gcc/avr/7.3.0/../../../../avr/lib/avr5/crtatmega32u4.o
 .debug_line    0x0000001a       0x62 c:/users/jarno.ratatosk.000/.platformio/packages/toolchain-atmelavr/bin/../lib/gcc/avr/7.3.0/avr5\libgcc.a(_exit.o)
 .debug_line    0x0000007c       0xb0 c:/users/jarno.ratatosk.000/.platformio/packages/toolchain-atmelavr/bin/../lib/gcc/avr/7.3.0/avr5\libgcc.a(_mulsi3.o)
 .debug_line    0x0000012c      0x122 c:/users/jarno.ratatosk.000/.platformio/packages/toolchain-atmelavr/bin/../lib/gcc/avr/7.3.0/avr5\libgcc.a(_udivmodsi4.o)
 .debug_line    0x0000024e       0xce c:/users/jarno.ratatosk.000/.platformio/packages/toolchain-atmelavr/bin/../lib/gcc/avr/7.3.0/avr5\libgcc.a(_divmodsi4.o)
 .debug_line    0x0000031c       0x62 c:/users/jarno.ratatosk.000/.platformio/packages/toolchain-atmelavr/bin/../lib/gcc/avr/7.3.0/avr5\libgcc.a(_negsi2.o)
 .debug_line    0x0000037e       0x98 c:/users/jarno.ratatosk.000/.platformio/packages/toolchain-atmelavr/bin/../lib/gcc/avr/7.3.0/avr5\libgcc.a(_copy_data.o)
 .debug_line    0x00000416       0x86 c:/users/jarno.ratatosk.000/.platformio/packages/toolchain-atmelavr/bin/../lib/gcc/avr/7.3.0/avr5\libgcc.a(_clear_bss.o)
 .debug_line    0x0000049c       0x92 c:/users/jarno.ratatosk.000/.platformio/packages/toolchain-atmelavr/bin/../lib/gcc/avr/7.3.0/avr5\libgcc.a(_muluhisi3.o)
 .debug_line    0x0000052e       0xfe c:/users/jarno.ratatosk.000/.platformio/packages/toolchain-atmelavr/bin/../lib/gcc/avr/7.3.0/avr5\libgcc.a(_prologue.o)
 .debug_line    0x0000062c       0xf8 c:/users/jarno.ratatosk.000/.platformio/packages/toolchain-atmelavr/bin/../lib/gcc/avr/7.3.0/avr5\libgcc.a(_epilogue.o)
 .debug_line    0x00000724       0xb0 c:/users/jarno.ratatosk.000/.platformio/packages/toolchain-atmelavr/bin/../lib/gcc/avr/7.3.0/avr5\libgcc.a(_umulhisi3.o)
 .debug_line    0x000007d4       0x7a c:/users/jarno.ratatosk.000/.platformio/packages/toolchain-atmelavr/bin/../lib/gcc/avr/7.3.0/avr5\libgcc.a(_tablejump2.o)
 .debug_line    0x0000084e       0x92 c:/users/jarno.ratatosk.000/.platformio/packages/toolchain-atmelavr/bin/../lib/gcc/avr/7.3.0/avr5\libgcc.a(_ctors.o)

.debug_frame
 *(.debug_frame)

.debug_str      0x00000000      0x371
 *(.debug_str)
 .debug_str     0x00000000      0x371 c:/users/jarno.ratatosk.000/.platformio/packages/toolchain-atmelavr/bin/../lib/gcc/avr/7.3.0/../../../../avr/lib/avr5/crtatmega32u4.o

.debug_loc
 *(.debug_loc)

.debug_macinfo
 *(.debug_macinfo)

.debug_weaknames
 *(.debug_weaknames)

.debug_funcnames
 *(.debug_funcnames)

.debug_typenames
 *(.debug_typenames)

.debug_varnames
 *(.debug_varnames)

.debug_pubtypes
 *(.debug_pubtypes)

.debug_ranges
 *(.debug_ranges)

.debug_macro
 *(.debug_macro)
OUTPUT(.pio\build\micro\firmware.elf elf32-avr)
LOAD linker stubs
